// Jest Snapshot v1, https://goo.gl/fbAQLP

exports[`Notification matches snapshot 1`] = `
ShallowWrapper {
  Symbol(enzyme.__root__): [Circular],
  Symbol(enzyme.__unrendered__): <Notification
    text="Hello World"
    type="danger"
  />,
  Symbol(enzyme.__renderer__): Object {
    "batchedUpdates": [Function],
    "checkPropTypes": [Function],
    "getNode": [Function],
    "render": [Function],
    "simulateError": [Function],
    "simulateEvent": [Function],
    "unmount": [Function],
  },
  Symbol(enzyme.__node__): Object {
    "instance": null,
    "key": undefined,
    "nodeType": "function",
    "props": Object {
      "children": <p>
        Hello World
      </p>,
      "closeLabel": "Close alert",
      "show": true,
      "transition": [Function],
      "variant": "danger",
    },
    "ref": null,
    "rendered": Object {
      "instance": null,
      "key": undefined,
      "nodeType": "host",
      "props": Object {
        "children": "Hello World",
      },
      "ref": null,
      "rendered": "Hello World",
      "type": "p",
    },
    "type": Object {
      "$$typeof": Symbol(react.forward_ref),
      "Heading": Object {
        "$$typeof": Symbol(react.forward_ref),
        "defaultProps": undefined,
        "displayName": "AlertHeading",
        "render": [Function],
      },
      "Link": Object {
        "$$typeof": Symbol(react.forward_ref),
        "defaultProps": undefined,
        "displayName": "AlertLink",
        "render": [Function],
      },
      "defaultProps": Object {
        "closeLabel": "Close alert",
        "show": true,
        "transition": [Function],
      },
      "displayName": "Alert",
      "render": [Function],
    },
  },
  Symbol(enzyme.__nodes__): Array [
    Object {
      "instance": null,
      "key": undefined,
      "nodeType": "function",
      "props": Object {
        "children": <p>
          Hello World
        </p>,
        "closeLabel": "Close alert",
        "show": true,
        "transition": [Function],
        "variant": "danger",
      },
      "ref": null,
      "rendered": Object {
        "instance": null,
        "key": undefined,
        "nodeType": "host",
        "props": Object {
          "children": "Hello World",
        },
        "ref": null,
        "rendered": "Hello World",
        "type": "p",
      },
      "type": Object {
        "$$typeof": Symbol(react.forward_ref),
        "Heading": Object {
          "$$typeof": Symbol(react.forward_ref),
          "defaultProps": undefined,
          "displayName": "AlertHeading",
          "render": [Function],
        },
        "Link": Object {
          "$$typeof": Symbol(react.forward_ref),
          "defaultProps": undefined,
          "displayName": "AlertLink",
          "render": [Function],
        },
        "defaultProps": Object {
          "closeLabel": "Close alert",
          "show": true,
          "transition": [Function],
        },
        "displayName": "Alert",
        "render": [Function],
      },
    },
  ],
  Symbol(enzyme.__options__): Object {
    "adapter": ReactSixteenAdapter {
      "options": Object {
        "enableComponentDidUpdateOnSetState": true,
        "legacyContextMode": "parent",
        "lifecycles": Object {
          "componentDidUpdate": Object {
            "onSetState": true,
          },
          "getChildContext": Object {
            "calledByRenderer": false,
          },
          "getDerivedStateFromError": true,
          "getDerivedStateFromProps": Object {
            "hasShouldComponentUpdateBug": false,
          },
          "getSnapshotBeforeUpdate": true,
          "setState": Object {
            "skipsComponentDidUpdateOnNullish": true,
          },
        },
      },
    },
  },
}
`;
